66.67% of 6 test vectors passed
100.00% of 6 test vectors produced the correct number and type of output packets
4 test vectors forwarded, producing 6 forwarded output packets
2 test vectors punted, producing 2 punted output packets
1 test vectors produced no output packets
